// Jest Snapshot v1, https://goo.gl/fbAQLP

exports[`<Main /> should render the heading 1`] = `
.c0 {
  background-color: #06092b;
  color: #fff;
  width: 100%;
  height: 100%;
  padding: 3rem;
  text-align: center;
  display: -webkit-box;
  display: -webkit-flex;
  display: -ms-flexbox;
  display: flex;
  -webkit-align-items: center;
  -webkit-box-align: center;
  -ms-flex-align: center;
  align-items: center;
  -webkit-box-pack: center;
  -webkit-justify-content: center;
  -ms-flex-pack: center;
  justify-content: center;
}

.c1 {
  font-size: 2.5rem;
}

.c2 {
  font-size: 2rem;
  font-weight: 400;
}

.c3 {
  margin-top: 3rem;
  width: -webkit-min-content(30rem,100%);
  width: -moz-min-content(30rem,100%);
  width: min-content(30rem,100%);
}

<main
  class="c0"
>
  <h1
    class="c1"
  >
    React Avan√ßado
  </h1>
  <h2
    class="c2"
  />
  <img
    class="c3"
  />
</main>
`;
